[    0.000000] Initializing cgroup subsys cpuset
[    0.000000] Initializing cgroup subsys cpu
[    0.000000] Initializing cgroup subsys cpuacct
[    0.000000] Linux version 4.4.0-193-generic (buildd@lgw01-amd64-024) (gcc version 5.4.0 20160609 (Ubuntu 5.4.0-6ubuntu1~16.04.12) ) #224-Ubuntu SMP Tue Oct 6 17:15:28 UTC 2020 (Ubuntu 4.4.0-193.224-generic 4.4.236)
[    0.000000] Command line: BOOT_IMAGE=/boot/vmlinuz-4.4.0-193-generic root=LABEL=cloudimg-rootfs ro console=tty1 console=ttyS0
[    0.000000] KERNEL supported cpus:
[    0.000000]   Intel GenuineIntel
[    0.000000]   AMD AuthenticAMD
[    0.000000]   Centaur CentaurHauls
[    0.000000] x86/fpu: xstate_offset[2]:  576, xstate_sizes[2]:  256
[    0.000000] x86/fpu: Supporting XSAVE feature 0x01: 'x87 floating point registers'
[    0.000000] x86/fpu: Supporting XSAVE feature 0x02: 'SSE registers'
[    0.000000] x86/fpu: Supporting XSAVE feature 0x04: 'AVX registers'
[    0.000000] x86/fpu: Enabled xstate features 0x7, context size is 832 bytes, using 'standard' format.
[    0.000000] e820: BIOS-provided physical RAM map:
[    0.000000] BIOS-e820: [mem 0x0000000000000000-0x000000000009fbff] usable
[    0.000000] BIOS-e820: [mem 0x000000000009fc00-0x000000000009ffff] reserved
[    0.000000] BIOS-e820: [mem 0x00000000000f0000-0x00000000000fffff] reserved
[    0.000000] BIOS-e820: [mem 0x0000000000100000-0x000000007ffeffff] usable
[    0.000000] BIOS-e820: [mem 0x000000007fff0000-0x000000007fffffff] ACPI data
[    0.000000] BIOS-e820: [mem 0x00000000fec00000-0x00000000fec00fff] reserved
[    0.000000] BIOS-e820: [mem 0x00000000fee00000-0x00000000fee00fff] reserved
[    0.000000] BIOS-e820: [mem 0x00000000fffc0000-0x00000000ffffffff] reserved
[    0.000000] NX (Execute Disable) protection: active
[    0.000000] SMBIOS 2.5 present.
[    0.000000] Hypervisor detected: KVM
[    0.000000] e820: last_pfn = 0x7fff0 max_arch_pfn = 0x400000000
[    0.000000] MTRR: Disabled
[    0.000000] x86/PAT: MTRRs disabled, skipping PAT initialization too.
[    0.000000] CPU MTRRs all blank - virtualized system.
[    0.000000] x86/PAT: Configuration [0-7]: WB  WT  UC- UC  WB  WT  UC- UC  
[    0.000000] found SMP MP-table at [mem 0x0009fff0-0x0009ffff] mapped at [ffff88000009fff0]
[    0.000000] Scanning 1 areas for low memory corruption
[    0.000000] RAMDISK: [mem 0x362de000-0x37166fff]
[    0.000000] ACPI: Early table checksum verification disabled
[    0.000000] ACPI: RSDP 0x00000000000E0000 000024 (v02 VBOX  )
[    0.000000] ACPI: XSDT 0x000000007FFF0030 00003C (v01 VBOX   VBOXXSDT 00000001 ASL  00000061)
[    0.000000] ACPI: FACP 0x000000007FFF00F0 0000F4 (v04 VBOX   VBOXFACP 00000001 ASL  00000061)
[    0.000000] ACPI: DSDT 0x000000007FFF0480 002325 (v02 VBOX   VBOXBIOS 00000002 INTL 20100528)
[    0.000000] ACPI: FACS 0x000000007FFF0200 000040
[    0.000000] ACPI: FACS 0x000000007FFF0200 000040
[    0.000000] ACPI: APIC 0x000000007FFF0240 00006C (v02 VBOX   VBOXAPIC 00000001 ASL  00000061)
[    0.000000] ACPI: SSDT 0x000000007FFF02B0 0001CC (v01 VBOX   VBOXCPUT 00000002 INTL 20100528)
[    0.000000] No NUMA configuration found
[    0.000000] Faking a node at [mem 0x0000000000000000-0x000000007ffeffff]
[    0.000000] NODE_DATA(0) allocated [mem 0x7ffeb000-0x7ffeffff]
[    0.000000] kvm-clock: Using msrs 4b564d01 and 4b564d00
[    0.000000] kvm-clock: cpu 0, msr 0:7ffe3001, primary cpu clock
[    0.000000] kvm-clock: using sched offset of 3678483781 cycles
[    0.000000] clocksource: kvm-clock: mask: 0xffffffffffffffff max_cycles: 0x1cd42e4dffb, max_idle_ns: 881590591483 ns
[    0.000000] Zone ranges:
[    0.000000]   DMA      [mem 0x0000000000001000-0x0000000000ffffff]
[    0.000000]   DMA32    [mem 0x0000000001000000-0x000000007ffeffff]
[    0.000000]   Normal   empty
[    0.000000]   Device   empty
[    0.000000] Movable zone start for each node
[    0.000000] Early memory node ranges
[    0.000000]   node   0: [mem 0x0000000000001000-0x000000000009efff]
[    0.000000]   node   0: [mem 0x0000000000100000-0x000000007ffeffff]
[    0.000000] Initmem setup node 0 [mem 0x0000000000001000-0x000000007ffeffff]
[    0.000000] ACPI: PM-Timer IO Port: 0x4008
[    0.000000] IOAPIC[0]: apic_id 4, version 32, address 0xfec00000, GSI 0-23
[    0.000000] ACPI: INT_SRC_OVR (bus 0 bus_irq 0 global_irq 2 dfl dfl)
[    0.000000] ACPI: INT_SRC_OVR (bus 0 bus_irq 9 global_irq 9 low level)
[    0.000000] Using ACPI (MADT) for SMP configuration information
[    0.000000] smpboot: Allowing 4 CPUs, 0 hotplug CPUs
[    0.000000] PM: Registered nosave memory: [mem 0x00000000-0x00000fff]
[    0.000000] PM: Registered nosave memory: [mem 0x0009f000-0x0009ffff]
[    0.000000] PM: Registered nosave memory: [mem 0x000a0000-0x000effff]
[    0.000000] PM: Registered nosave memory: [mem 0x000f0000-0x000fffff]
[    0.000000] e820: [mem 0x80000000-0xfebfffff] available for PCI devices
[    0.000000] Booting paravirtualized kernel on KVM
[    0.000000] clocksource: refined-jiffies: mask: 0xffffffff max_cycles: 0xffffffff, max_idle_ns: 7645519600211568 ns
[    0.000000] setup_percpu: NR_CPUS:512 nr_cpumask_bits:512 nr_cpu_ids:4 nr_node_ids:1
[    0.000000] PERCPU: Embedded 33 pages/cpu @ffff88007fc00000 s95512 r8192 d31464 u524288
[    0.000000] Built 1 zonelists in Node order, mobility grouping on.  Total pages: 515960
[    0.000000] Policy zone: DMA32
[    0.000000] Kernel command line: BOOT_IMAGE=/boot/vmlinuz-4.4.0-193-generic root=LABEL=cloudimg-rootfs ro console=tty1 console=ttyS0
[    0.000000] PID hash table entries: 4096 (order: 3, 32768 bytes)
[    0.000000] Memory: 2029588K/2096696K available (8640K kernel code, 1337K rwdata, 4040K rodata, 1492K init, 1296K bss, 67108K reserved, 0K cma-reserved)
[    0.000000] SLUB: HWalign=64, Order=0-3, MinObjects=0, CPUs=4, Nodes=1
[    0.000000] Kernel/User page tables isolation: enabled
[    0.000000] Hierarchical RCU implementation.
[    0.000000] 	Build-time adjustment of leaf fanout to 64.
[    0.000000] 	RCU restricting CPUs from NR_CPUS=512 to nr_cpu_ids=4.
[    0.000000] RCU: Adjusting geometry for rcu_fanout_leaf=64, nr_cpu_ids=4
[    0.000000] NR_IRQS:33024 nr_irqs:456 16
[    0.000000] Console: colour VGA+ 80x25
[    0.000000] console [tty1] enabled
[    0.000000] console [ttyS0] enabled
[    0.000000] tsc: Detected 2494.226 MHz processor
[    0.198340] Calibrating delay loop (skipped) preset value.. 4988.45 BogoMIPS (lpj=9976904)
[    0.200049] pid_max: default: 32768 minimum: 301
[    0.200972] ACPI: Core revision 20150930
[    0.202686] ACPI: 2 ACPI AML tables successfully acquired and loaded
[    0.203999] Security Framework initialized
[    0.204860] Yama: becoming mindful.
[    0.205653] AppArmor: AppArmor initialized
[    0.210015] Dentry cache hash table entries: 262144 (order: 9, 2097152 bytes)
[    0.211775] Inode-cache hash table entries: 131072 (order: 8, 1048576 bytes)
[    0.216773] Mount-cache hash table entries: 4096 (order: 3, 32768 bytes)
[    0.218093] Mountpoint-cache hash table entries: 4096 (order: 3, 32768 bytes)
[    0.219551] Initializing cgroup subsys io
[    0.220404] Initializing cgroup subsys memory
[    0.221288] Initializing cgroup subsys devices
[    0.222211] Initializing cgroup subsys freezer
[    0.223109] Initializing cgroup subsys net_cls
[    0.224003] Initializing cgroup subsys perf_event
[    0.224931] Initializing cgroup subsys net_prio
[    0.225863] Initializing cgroup subsys hugetlb
[    0.226803] Initializing cgroup subsys pids
[    0.228551] mce: CPU supports 0 MCE banks
[    0.229406] Last level iTLB entries: 4KB 1024, 2MB 1024, 4MB 1024
[    0.230581] Last level dTLB entries: 4KB 1024, 2MB 1024, 4MB 1024, 1GB 4
[    0.231807] Spectre V1 : Mitigation: usercopy/swapgs barriers and __user pointer sanitization
[    0.233484] Spectre V2 : Mitigation: Full generic retpoline
[    0.234592] Spectre V2 : Spectre v2 / SpectreRSB mitigation: Filling RSB on context switch
[    0.236235] Speculative Store Bypass: Vulnerable
[    0.237153] SRBDS: Unknown: Dependent on hypervisor status
[    0.238327] MDS: Mitigation: Clear CPU buffers
[    0.241976] Freeing SMP alternatives memory: 36K
[    0.249028] ftrace: allocating 32346 entries in 127 pages
[    0.309346] smpboot: APIC(0) Converting physical 0 to logical package 0
[    0.311061] smpboot: Max logical packages: 1
[    0.312215] x2apic enabled
[    0.313097] Switched APIC routing to physical x2apic.
[    0.316282] ..TIMER: vector=0x30 apic1=0 pin1=2 apic2=-1 pin2=-1
[    0.426230] smpboot: CPU0: Intel(R) Core(TM) i5-4200M CPU @ 2.50GHz (family: 0x6, model: 0x3c, stepping: 0x3)
[    0.428828] Performance Events: unsupported p6 CPU model 60 no PMU driver, software events only.
[    0.442640] KVM setup paravirtual spinlock
[    0.447645] x86: Booting SMP configuration:
[    0.448710] .... node  #0, CPUs:      #1
[    0.449832] kvm-clock: cpu 1, msr 0:7ffe3041, secondary cpu clock
[    0.451825] mce: CPU supports 0 MCE banks
[    0.454637]  #2
[    0.455219] kvm-clock: cpu 2, msr 0:7ffe3081, secondary cpu clock
[    0.457248] mce: CPU supports 0 MCE banks
[    0.460024]  #3
[    0.460692] kvm-clock: cpu 3, msr 0:7ffe30c1, secondary cpu clock
[    0.462716] mce: CPU supports 0 MCE banks
[    0.465448] x86: Booted up 1 node, 4 CPUs
[    0.466706] smpboot: Total of 4 processors activated (19953.80 BogoMIPS)
[    0.468680] devtmpfs: initialized
[    0.470921] evm: security.selinux
[    0.471756] evm: security.SMACK64
[    0.472607] evm: security.SMACK64EXEC
[    0.473454] evm: security.SMACK64TRANSMUTE
[    0.474397] evm: security.SMACK64MMAP
[    0.475289] evm: security.ima
[    0.476055] evm: security.capability
[    0.477249] clocksource: jiffies: mask: 0xffffffff max_cycles: 0xffffffff, max_idle_ns: 7645041785100000 ns
[    0.479711] futex hash table entries: 1024 (order: 4, 65536 bytes)
[    0.481355] pinctrl core: initialized pinctrl subsystem
[    0.482706] RTC time: 15:03:10, date: 10/25/20
[    0.483963] NET: Registered protocol family 16
[    0.496841] cpuidle: using governor ladder
[    0.508880] cpuidle: using governor menu
[    0.510066] PCCT header not found.
[    0.511061] ACPI: bus type PCI registered
[    0.512005] acpiphp: ACPI Hot Plug PCI Controller Driver version: 0.5
[    0.513527] PCI: Using configuration type 1 for base access
[    0.531411] ACPI: Added _OSI(Module Device)
[    0.532483] ACPI: Added _OSI(Processor Device)
[    0.533518] ACPI: Added _OSI(3.0 _SCP Extensions)
[    0.534647] ACPI: Added _OSI(Processor Aggregator Device)
[    0.536582] ACPI: Executed 1 blocks of module-level executable AML code
[    0.540064] ACPI: Interpreter enabled
[    0.541045] ACPI: (supports S0 S5)
[    0.541969] ACPI: Using IOAPIC for interrupt routing
[    0.543242] PCI: Using host bridge windows from ACPI; if necessary, use "pci=nocrs" and report a bug
[    0.548914] ACPI: PCI Root Bridge [PCI0] (domain 0000 [bus 00-ff])
[    0.550307] acpi PNP0A03:00: _OSC: OS supports [ASPM ClockPM Segments MSI]
[    0.552090] acpi PNP0A03:00: _OSC: not requesting OS control; OS requires [ExtendedConfig ASPM ClockPM MSI]
[    0.554295] acpi PNP0A03:00: fail to add MMCONFIG information, can't access extended PCI configuration space under this bridge.
[    0.557157] PCI host bridge to bus 0000:00
[    0.558119] pci_bus 0000:00: root bus resource [io  0x0000-0x0cf7 window]
[    0.559600] pci_bus 0000:00: root bus resource [io  0x0d00-0xffff window]
[    0.561015] pci_bus 0000:00: root bus resource [mem 0x000a0000-0x000bffff window]
[    0.562779] pci_bus 0000:00: root bus resource [mem 0x80000000-0xfdffffff window]
[    0.564568] pci_bus 0000:00: root bus resource [bus 00-ff]
[    0.582515] pci 0000:00:01.1: legacy IDE quirk: reg 0x10: [io  0x01f0-0x01f7]
[    0.584042] pci 0000:00:01.1: legacy IDE quirk: reg 0x14: [io  0x03f6]
[    0.585412] pci 0000:00:01.1: legacy IDE quirk: reg 0x18: [io  0x0170-0x0177]
[    0.596153] pci 0000:00:01.1: legacy IDE quirk: reg 0x1c: [io  0x0376]
[    0.649000] pci 0000:00:07.0: quirk: [io  0x4000-0x403f] claimed by PIIX4 ACPI
[    0.650874] pci 0000:00:07.0: quirk: [io  0x4100-0x410f] claimed by PIIX4 SMB
[    0.686218] ACPI: PCI Interrupt Link [LNKA] (IRQs 5 9 10 *11)
[    0.688231] ACPI: PCI Interrupt Link [LNKB] (IRQs 5 9 *10 11)
[    0.690232] ACPI: PCI Interrupt Link [LNKC] (IRQs 5 *9 10 11)
[    0.691990] ACPI: PCI Interrupt Link [LNKD] (IRQs 5 9 10 *11)
[    0.693786] ACPI: Enabled 2 GPEs in block 00 to 07
[    0.695385] vgaarb: setting as boot device: PCI:0000:00:02.0
[    0.696628] vgaarb: device added: PCI:0000:00:02.0,decodes=io+mem,owns=io+mem,locks=none
[    0.698451] vgaarb: loaded
[    0.699164] vgaarb: bridge control possible 0000:00:02.0
[    0.700603] SCSI subsystem initialized
[    0.704537] ACPI: bus type USB registered
[    0.705464] usbcore: registered new interface driver usbfs
[    0.706595] usbcore: registered new interface driver hub
[    0.707670] usbcore: registered new device driver usb
[    0.708902] PCI: Using ACPI for IRQ routing
[    0.710195] NetLabel: Initializing
[    0.710975] NetLabel:  domain hash size = 128
[    0.711860] NetLabel:  protocols = UNLABELED CIPSOv4
[    0.712879] NetLabel:  unlabeled traffic allowed by default
[    0.714186] amd_nb: Cannot enumerate AMD northbridges
[    0.715373] clocksource: Switched to clocksource kvm-clock
[    0.728760] AppArmor: AppArmor Filesystem Enabled
[    0.729991] pnp: PnP ACPI init
[    0.731598] pnp: PnP ACPI: found 3 devices
[    0.742944] clocksource: acpi_pm: mask: 0xffffff max_cycles: 0xffffff, max_idle_ns: 2085701024 ns
[    0.744752] NET: Registered protocol family 2
[    0.745828] TCP established hash table entries: 16384 (order: 5, 131072 bytes)
[    0.747350] TCP bind hash table entries: 16384 (order: 6, 262144 bytes)
[    0.748641] TCP: Hash tables configured (established 16384 bind 16384)
[    0.749918] UDP hash table entries: 1024 (order: 3, 32768 bytes)
[    0.751070] UDP-Lite hash table entries: 1024 (order: 3, 32768 bytes)
[    0.752326] NET: Registered protocol family 1
[    0.753224] pci 0000:00:00.0: Limiting direct PCI/PCI transfers
[    0.754351] pci 0000:00:01.0: Activating ISA DMA hang workarounds
[    0.755645] Unpacking initramfs...
[    1.027655] Freeing initrd memory: 14884K
[    1.028943] RAPL PMU detected, API unit is 2^-32 Joules, 4 fixed counters 10737418240 ms ovfl timer
[    1.030977] hw unit of domain pp0-core 2^-0 Joules
[    1.031995] hw unit of domain package 2^-0 Joules
[    1.032938] hw unit of domain dram 2^-0 Joules
[    1.033873] hw unit of domain pp1-gpu 2^-0 Joules
[    1.034831] clocksource: tsc: mask: 0xffffffffffffffff max_cycles: 0x23f3eb3743e, max_idle_ns: 440795257847 ns
[    1.036859] platform rtc_cmos: registered platform RTC device (no PNP device found)
[    1.038458] Scanning for low memory corruption every 60 seconds
[    1.040074] audit: initializing netlink subsys (disabled)
[    1.041139] audit: type=2000 audit(1603638196.042:1): initialized
[    1.042548] Initialise system trusted keyring
[    1.043750] HugeTLB registered 2 MB page size, pre-allocated 0 pages
[    1.046320] zbud: loaded
[    1.047397] VFS: Disk quotas dquot_6.6.0
[    1.048449] VFS: Dquot-cache hash table entries: 512 (order 0, 4096 bytes)
[    1.050212] squashfs: version 4.0 (2009/01/31) Phillip Lougher
[    1.055306] fuse init (API version 7.23)
[    1.056399] Key type big_key registered
[    1.057256] Allocating IMA MOK and blacklist keyrings.
[    1.060286] Key type asymmetric registered
[    1.061176] Asymmetric key parser 'x509' registered
[    1.062192] Block layer SCSI generic (bsg) driver version 0.4 loaded (major 249)
[    1.063856] io scheduler noop registered
[    1.064691] io scheduler deadline registered (default)
[    1.065718] io scheduler cfq registered
[    1.066627] pci_hotplug: PCI Hot Plug PCI Core version: 0.5
[    1.067760] pciehp: PCI Express Hot Plug Controller Driver version: 0.4
[    1.069232] ACPI: AC Adapter [AC] (on-line)
[    1.070161] input: Power Button as /devices/LNXSYSTM:00/LNXPWRBN:00/input/input0
[    1.071753] ACPI: Power Button [PWRF]
[    1.072686] input: Sleep Button as /devices/LNXSYSTM:00/LNXSLPBN:00/input/input1
[    1.074259] ACPI: Sleep Button [SLPF]
[    1.075367] GHES: HEST is not enabled!
[    1.076060] ACPI: Battery Slot [BAT0] (battery present)
[    1.077635] Serial: 8250/16550 driver, 32 ports, IRQ sharing enabled
[    1.099470] 00:02: ttyS0 at I/O 0x3f8 (irq = 4, base_baud = 115200) is a 16550A
[    1.104599] Linux agpgart interface v0.103
[    1.107782] loop: module loaded
[    1.109221] scsi host0: ata_piix
[    1.110126] scsi host1: ata_piix
[    1.110936] ata1: PATA max UDMA/33 cmd 0x1f0 ctl 0x3f6 bmdma 0xd000 irq 14
[    1.112301] ata2: PATA max UDMA/33 cmd 0x170 ctl 0x376 bmdma 0xd008 irq 15
[    1.113682] libphy: Fixed MDIO Bus: probed
[    1.114680] tun: Universal TUN/TAP device driver, 1.6
[    1.115731] tun: (C) 1999-2004 Max Krasnyansky <maxk@qualcomm.com>
[    1.117080] PPP generic driver version 2.4.2
[    1.118090] ehci_hcd: USB 2.0 'Enhanced' Host Controller (EHCI) Driver
[    1.119309] ehci-pci: EHCI PCI platform driver
[    1.120283] ehci-platform: EHCI generic platform driver
[    1.121314] ohci_hcd: USB 1.1 'Open' Host Controller (OHCI) Driver
[    1.122481] ohci-pci: OHCI PCI platform driver
[    1.123399] ohci-platform: OHCI generic platform driver
[    1.124506] uhci_hcd: USB Universal Host Controller Interface driver
[    1.125749] i8042: PNP: PS/2 Controller [PNP0303:PS2K,PNP0f03:PS2M] at 0x60,0x64 irq 1,12
[    1.127954] serio: i8042 KBD port at 0x60,0x64 irq 1
[    1.128950] serio: i8042 AUX port at 0x60,0x64 irq 12
[    1.130203] mousedev: PS/2 mouse device common for all mice
[    1.131997] input: AT Translated Set 2 keyboard as /devices/platform/i8042/serio0/input/input2
[    1.133921] rtc_cmos rtc_cmos: rtc core: registered rtc_cmos as rtc0
[    1.135288] rtc_cmos rtc_cmos: alarms up to one day, 114 bytes nvram
[    1.136549] i2c /dev entries driver
[    1.137371] device-mapper: uevent: version 1.0.3
[    1.138450] device-mapper: ioctl: 4.34.0-ioctl (2015-10-28) initialised: dm-devel@redhat.com
[    1.140215] ledtrig-cpu: registered to indicate activity on CPUs
[    1.142010] NET: Registered protocol family 10
[    1.143473] NET: Registered protocol family 17
[    1.144511] Key type dns_resolver registered
[    1.146089] registered taskstats version 1
[    1.146964] Loading compiled-in X.509 certificates
[    1.148572] Loaded X.509 cert 'Build time autogenerated kernel key: 399ad61e9457a71f6b31060684c17f14836880c9'
[    1.150479] zswap: loaded using pool lzo/zbud
[    1.153577] Key type trusted registered
[    1.158632] Key type encrypted registered
[    1.159737] AppArmor: AppArmor sha1 policy hashing enabled
[    1.161000] ima: No TPM chip found, activating TPM-bypass!
[    1.162207] ima: Allocated hash algorithm: sha1
[    1.163247] evm: HMAC attrs: 0x1
[    1.164649]   Magic number: 8:9:84
[    1.165646] rtc_cmos rtc_cmos: setting system clock to 2020-10-25 15:03:10 UTC (1603638190)
[    1.167727] BIOS EDD facility v0.16 2004-Jun-25, 0 devices found
[    1.169027] EDD information not available.
[    1.310087] Freeing unused kernel memory: 1492K
[    1.311668] Write protecting the kernel read-only data: 14336k
[    1.314364] Freeing unused kernel memory: 1588K
[    1.316293] Freeing unused kernel memory: 56K
Loading, please wait...
starting version 229
[    1.338206] random: systemd-udevd: uninitialized urandom read (16 bytes read, 2 bits of entropy available)
[    1.339624] random: udevadm: uninitialized urandom read (16 bytes read, 2 bits of entropy available)
[    1.339652] random: udevadm: uninitialized urandom read (16 bytes read, 2 bits of entropy available)
[    1.348737] random: systemd-udevd: uninitialized urandom read (16 bytes read, 2 bits of entropy available)
[    1.352365] random: systemd-udevd: uninitialized urandom read (16 bytes read, 2 bits of entropy available)
[    1.352422] random: udevadm: uninitialized urandom read (16 bytes read, 2 bits of entropy available)
[    1.352484] random: udevadm: uninitialized urandom read (16 bytes read, 2 bits of entropy available)
[    1.352825] random: udevadm: uninitialized urandom read (16 bytes read, 2 bits of entropy available)
[    1.352896] random: udevadm: uninitialized urandom read (16 bytes read, 2 bits of entropy available)
[    1.352966] random: udevadm: uninitialized urandom read (16 bytes read, 2 bits of entropy available)
[    1.398683] Fusion MPT base driver 3.04.20
[    1.400681] Copyright (c) 1999-2008 LSI Corporation
[    1.408251] e1000: Intel(R) PRO/1000 Network Driver - version 7.3.21-k8-NAPI
[    1.420403] e1000: Copyright (c) 1999-2006 Intel Corporation.
[    1.436506] AVX2 version of gcm_enc/dec engaged.
[    1.438615] AES CTR mode by8 optimization enabled
[    1.442042] Fusion MPT SPI Host driver 3.04.20
[    1.609003] input: ImExPS/2 Generic Explorer Mouse as /devices/platform/i8042/serio1/input/input4
[    1.791512] e1000 0000:00:03.0 eth0: (PCI:33MHz:32-bit) 02:e9:98:4f:cb:36
[    1.792898] e1000 0000:00:03.0 eth0: Intel(R) PRO/1000 Network Connection
[    3.051104] e1000 0000:00:08.0 eth1: (PCI:33MHz:32-bit) 08:00:27:e2:6f:a0
[    3.053613] e1000 0000:00:08.0 eth1: Intel(R) PRO/1000 Network Connection
[    3.058432] e1000 0000:00:08.0 enp0s8: renamed from eth1
[    3.062034] mptbase: ioc0: Initiating bringup
[    3.317370] e1000 0000:00:03.0 enp0s3: renamed from eth0
[    3.344291] ioc0: LSI53C1030 A0: Capabilities={Initiator}
[    5.021457] scsi host2: ioc0: LSI53C1030 A0, FwRev=00000000h, Ports=1, MaxQ=256, IRQ=20
[    6.301327] scsi 2:0:0:0: Direct-Access     VBOX     HARDDISK         1.0  PQ: 0 ANSI: 5
[    6.322017] scsi target2:0:0: Beginning Domain Validation
[    6.325751] scsi target2:0:0: Domain Validation skipping write tests
[    6.327248] scsi target2:0:0: Ending Domain Validation
[    6.328654] scsi target2:0:0: asynchronous
[    6.330475] scsi 2:0:1:0: Direct-Access     VBOX     HARDDISK         1.0  PQ: 0 ANSI: 5
[    6.332798] scsi target2:0:1: Beginning Domain Validation
[    6.336633] scsi target2:0:1: Domain Validation skipping write tests
[    6.338118] scsi target2:0:1: Ending Domain Validation
[    6.339447] scsi target2:0:1: asynchronous
[    6.348380] sd 2:0:0:0: [sda] 20971520 512-byte logical blocks: (10.7 GB/10.0 GiB)
[    6.348458] sd 2:0:0:0: Attached scsi generic sg0 type 0
[    6.348911] sd 2:0:1:0: [sdb] 20480 512-byte logical blocks: (10.5 MB/10.0 MiB)
[    6.349122] sd 2:0:1:0: [sdb] Write Protect is off
[    6.349283] sd 2:0:1:0: [sdb] Incomplete mode parameter data
[    6.349284] sd 2:0:1:0: [sdb] Assuming drive cache: write through
[    6.349301] sd 2:0:1:0: Attached scsi generic sg1 type 0
[    6.352793] sd 2:0:1:0: [sdb] Attached SCSI disk
[    6.360102] sd 2:0:0:0: [sda] Write Protect is off
[    6.361590] sd 2:0:0:0: [sda] Incomplete mode parameter data
[    6.362866] sd 2:0:0:0: [sda] Assuming drive cache: write through
[    6.366880]  sda: sda1
[    6.368807] sd 2:0:0:0: [sda] Attached SCSI disk
Begin: Loading essential drivers ... [    7.797926] md: linear personality registered for level -1
[    7.802763] md: multipath personality registered for level -4
[    7.807763] md: raid0 personality registered for level 0
[    7.815073] md: raid1 personality registered for level 1
[    7.888112] raid6: sse2x1   gen()  8817 MB/s
[    7.956487] raid6: sse2x1   xor()  6991 MB/s
[    8.023424] raid6: sse2x2   gen() 11702 MB/s
[    8.092202] raid6: sse2x2   xor()  7619 MB/s
[    8.159571] raid6: sse2x4   gen() 13057 MB/s
[    8.227928] raid6: sse2x4   xor()  9418 MB/s
[    8.295396] raid6: avx2x1   gen() 15351 MB/s
[    8.363674] raid6: avx2x2   gen() 18846 MB/s
[    8.431503] raid6: avx2x4   gen() 22454 MB/s
[    8.432565] raid6: using algorithm avx2x4 gen() 22454 MB/s
[    8.433808] raid6: using avx2x2 recovery algorithm
[    8.436645] xor: automatically using best checksumming function:
[    8.475898]    avx       : 24288.000 MB/sec
[    8.478239] async_tx: api initialized (async)
[    8.496987] md: raid6 personality registered for level 6
[    8.498329] md: raid5 personality registered for level 5
[    8.499644] md: raid4 personality registered for level 4
[    8.508980] md: raid10 personality registered for level 10
done.
Begin: Running /scripts/init-premount ... done.
Begin: Mounting root file system ... Begin: Running /scripts/local-top ... done.
Begin: Running /scripts/local-premount ... [    8.540454] Btrfs loaded
Scanning for Btrfs filesystems
done.
Warning: fsck not present, so skipping root file system
[    8.588943] EXT4-fs (sda1): mounted filesystem with ordered data mode. Opts: (null)
done.
Begin: Running /scripts/local-bottom ... done.
Begin: Running /scripts/init-bottom ... done.
[    8.884224] systemd[1]: systemd 229 running in system mode. (+PAM +AUDIT +SELINUX +IMA +APPARMOR +SMACK +SYSVINIT +UTMP +LIBCRYPTSETUP +GCRYPT +GNUTLS +ACL +XZ -LZ4 +SECCOMP +BLKID +ELFUTILS +KMOD -IDN)
[    8.892683] systemd[1]: Detected virtualization oracle.
[    8.895286] systemd[1]: Detected architecture x86-64.

Welcome to [1mUbuntu 16.04.7 LTS[0m!

[    8.910029] systemd[1]: Set hostname to <ubuntu-xenial>.
[    9.242328] systemd[1]: Reached target User and Group Name Lookups.
[[0;32m  OK  [0m] Reached target User and Group Name Lookups.
[    9.249993] systemd[1]: Created slice System Slice.
[[0;32m  OK  [0m] Created slice System Slice.
[    9.260595] systemd[1]: Listening on LVM2 metadata daemon socket.
[[0;32m  OK  [0m] Listening on LVM2 metadata daemon socket.
[    9.267349] systemd[1]: Listening on Journal Socket.
[[0;32m  OK  [0m] Listening on Journal Socket.
[    9.292717] systemd[1]: Starting Set console keymap...
         Starting Set console keymap...
[    9.302032] systemd[1]: Mounting Huge Pages File System...
         Mounting Huge Pages File System...
[    9.313820] systemd[1]: Starting Nameserver information manager...
         Starting Nameserver information manager...
[    9.327806] systemd[1]: Reached target Swap.
[[0;32m  OK  [0m] Reached target Swap.
[    9.332165] systemd[1]: Starting Remount Root and Kernel File Systems...
         Starting Remount Root and Kernel File Systems...
[    9.338763] systemd[1]: Starting Create list of required static device nodes for the current kernel...
         Starting Create list of required st... nodes for the current kernel...
[    9.346328] systemd[1]: Reached target System Time Synchronized.
[    9.348015] EXT4-fs (sda1): re-mounted. Opts: (null)
[[0;32m  OK  [0m] Reached target System Time Synchronized.
[    9.355817] systemd[1]: Starting Uncomplicated firewall...
         Starting Uncomplicated firewall...
[    9.359097] systemd[1]: Started Forward Password Requests to Wall Directory Watch.
[[0;32m  OK  [0m] Started Forward Password Requests to Wall Directory Watch.
[    9.363910] systemd[1]: Listening on Journal Socket (/dev/log).
[[0;32m  OK  [0m] Listening on Journal Socket (/dev/log).
[    9.366928] systemd[1]: Created slice User and Session Slice.
[[0;32m  OK  [0m] Created slice User and Session Slice.
[    9.369228] systemd[1]: Reached target Slices.
[[0;32m  OK  [0m] Reached target Slices.
[    9.371836] systemd[1]: Mounting POSIX Message Queue File System...
         Mounting POSIX Message Queue File System...
[    9.375558] systemd[1]: Set up automount Arbitrary Executable File Formats File System Automount Point.
[[0;32m  OK  [0m] Set up automount Arbitrary Executab...ats File System Automount Point.
[    9.381185] systemd[1]: Listening on udev Kernel Socket.
[[0;32m  OK  [0m] Listening on udev Kernel Socket.
[    9.384235] systemd[1]: Listening on LVM2 poll daemon socket.
[[0;32m  OK  [0m] Listening on LVM2 poll daemon socket.
[    9.387150] systemd[1]: Listening on Device-mapper event daemon FIFOs.
[[0;32m  OK  [0m] Listening on Device-mapper event daemon FIFOs.
[    9.390345] systemd[1]: Starting Monitoring of LVM2 mirrors, snapshots etc. using dmeventd or progress polling...
         Starting Monitoring of LVM2 mirrors... dmeventd or progress polling...
[    9.394497] systemd[1]: Created slice system-serial\x2dgetty.slice.
[[0;32m  OK  [0m] Created slice system-serial\x2dgetty.slice.
[    9.396976] systemd[1]: Listening on udev Control Socket.
[[0;32m  OK  [0m] Listening on udev Control Socket.
[    9.402027] systemd[1]: Starting Load Kernel Modules...
         Starting Load Kernel Modules...
[    9.404633] systemd[1]: Listening on /dev/initctl Compatibility Named Pipe.
[[0;32m  OK  [0m] Listening on /dev/initctl Compatibility Named Pipe.
[    9.407463] systemd[1]: Started Trigger resolvconf update for networkd DNS.
[[0;32m  OK  [0m] Started Trigger resolvconf update for networkd DNS.
[    9.410688] systemd[1]: Listening on Syslog Socket.
[[0;32m  OK  [0m] Listening on Syslog Socket.
[    9.413776] systemd[1]: Mounting Debug File System...
         Mounting Debug File System...
[    9.416281] systemd[1]: Reached target Encrypted Volumes.
[[0;32m  OK  [0m] Reached target Encrypted Volumes.
[    9.418691] systemd[1]: Listening on Journal Audit Socket.
[[0;32m  OK  [0m] Listening on Journal Audit Socket.
[    9.421705] systemd[1]: Starting Journal Service...
         Starting Journal Service...
[    9.429442] systemd[1]: Mounted POSIX Message Queue File System.
[[0;32m  OK  [0m] Mounted POSIX Message Queue File System.
[    9.432412] systemd[1]: Mounted Huge Pages File System.
[[0;32m  OK  [0m] Mounted Huge Pages File System.
[    9.435433] systemd[1]: Mounted Debug File System.
[    9.437294] Loading iSCSI transport class v2.0-870.
[[0;32m  OK  [0m] Mounted Debug File System.
[    9.439475] systemd[1]: Started Set console keymap.
[[0;32m  OK  [0m] Started Set console keymap.
[    9.449574] systemd[1]: Started Remount Root and Kernel File Systems.
[[0;32m  OK  [[    9.452086] iscsi: registered transport (tcp)
0m] Started Remount Root and Kernel File Systems.
[    9.454205] systemd[1]: Started Create list of required static device nodes for the current kernel.
[[0;32m  OK  [0m] Started Create list of required sta...ce nodes for the current kernel.
[    9.462202] systemd[1]: Started Uncomplicated firewall.
[[0;32m  OK  [0m] Started Uncomplicated firewall.
[    9.465400] systemd[1]: Started Nameserver information manager.
[[0;32m  OK  [0m] Started Nameserver information manager.
[    9.478896] systemd[1]: Started Journal Service.
[[0;32m  OK  [0m] Started Journal Service.
[[0;32m  OK  [0m] Started LVM2 metadata daemon.
         Starting Create Static Device Nodes in /dev...
         Starting Flush Journal to Persistent Storage...
         Starting udev Coldplug all Devices...
         Starting Load/Save Random Seed...
[    9.509135] systemd-journald[418]: Received request to flush runtime journal from PID 1
[[0;32m  OK  [0m] Started Flush Journal to Persistent Storage.
[    9.530624] iscsi: registered transport (iser)
[[0;32m  OK  [0m] Started Load Kernel Modules.
[[0;32m  OK  [0m] Started Load/Save Random Seed.
         Mounting FUSE Control File System...
         Starting Apply Kernel Variables...
[[0;32m  OK  [0m] Mounted FUSE Control File System.
[[0;32m  OK  [0m] Started Create Static Device Nodes in /dev.
[[0;32m  OK  [0m] Started Apply Kernel Variables.
         Starting udev Kernel Device Manager...
[[0;32m  OK  [0m] Started udev Coldplug all Devices.
[[0;32m  OK  [0m] Started udev Kernel Device Manager.
[[0;32m  OK  [0m] Started Dispatch Password Requests to Console Directory Watch.
[[0;32m  OK  [0m] Found device /dev/ttyS0.
[[0;32m  OK  [0m] Listening on Load/Save RF Kill Switch Status /dev/rfkill Watch.
[[0;32m  OK  [0m] Found device 82540EM Gigabit Ethern...r (PRO/1000 MT Desktop Adapter).
[[0;32m  OK  [0m] Started Monitoring of LVM2 mirrors,...ng dmeventd or progress polling.
[[0;32m  OK  [0m] Found device 82540EM Gigabit Ethern...r (PRO/1000 MT Desktop Adapter).
[[0;32m  OK  [0m] Reached target Local File Systems (Pre).
         Mounting /vagrant...
[[0;32m  OK  [0m] Reached target Local File Systems.
         Starting LSB: AppArmor initialization...
         Starting Initial cloud-init job (pre-networking)...
         Starting Set console font and keymap...
         Starting Tell Plymouth To Write Out Runtime Data...
         Starting Create Volatile Files and Directories...
[[0;1;31mFAILED[0m] Failed to mount /vagrant.
See 'systemctl status vagrant.mount' for details.
[[0;32m  OK  [0m] Started Tell Plymouth To Write Out Runtime Data.
[[0;32m  OK  [0m] Started Create Volatile Files and Directories.
         Starting Update UTMP about System Boot/Shutdown...
[[0;32m  OK  [0m] Started Update UTMP about System Boot/Shutdown.
[[0;32m  OK  [0m] Started LSB: AppArmor initialization.
         Starting Load AppArmor profiles managed internally by snapd...
[[0;32m  OK  [0m] Started Load AppArmor profiles managed internally by snapd.
[[0;32m  OK  [0m] Started Set console font and keymap.
[[0;32m  OK  [0m] Created slice system-getty.slice.
[   11.081083] cloud-init[668]: Traceback (most recent call last):
[   11.084794] cloud-init[668]:   File "/usr/bin/cloud-init", line 9, in <module>
[   11.089154] cloud-init[668]:     load_entry_point('cloud-init==20.3', 'console_scripts', 'cloud-init')()
[   11.093846] cloud-init[668]:   File "/usr/lib/python3/dist-packages/pkg_resources/__init__.py", line 542, in load_entry_point
[   11.098707] cloud-init[668]:     return get_distribution(dist).load_entry_point(group, name)
[   11.103119] cloud-init[668]:   File "/usr/lib/python3/dist-packages/pkg_resources/__init__.py", line 2569, in load_entry_point
[   11.108616] cloud-init[668]:     return ep.load()
[   11.111413] cloud-init[668]:   File "/usr/lib/python3/dist-packages/pkg_resources/__init__.py", line 2229, in load
[   11.115120] cloud-init[668]:     return self.resolve()
[   11.116845] cloud-init[668]:   File "/usr/lib/python3/dist-packages/pkg_resources/__init__.py", line 2235, in resolve
[   11.119243] cloud-init[668]:     module = __import__(self.module_name, fromlist=['__name__'], level=0)
[   11.121560] cloud-init[668]:   File "/usr/lib/python3/dist-packages/cloudinit/cmd/main.py", line 29, in <module>
[   11.124180] cloud-init[668]:     from cloudinit import stages
[   11.125770] cloud-init[668]:   File "/usr/lib/python3/dist-packages/cloudinit/stages.py", line 19, in <module>
[   11.128239] cloud-init[668]:     from cloudinit.handlers.cloud_config import CloudConfigPartHandler
[   11.130561] cloud-init[668]:   File "/usr/lib/python3/dist-packages/cloudinit/handlers/cloud_config.py", line 11, in <module>
[   11.132955] cloud-init[668]:     import jsonpatch
[   11.134308] cloud-init[668]:   File "/usr/lib/python3/dist-packages/jsonpatch.py", line 114, in <module>
[[0;1;31mFAILED[0m] Failed to start Initial cloud-init job (pre-networking).
See 'systemctl status cloud-init-local.service' for details.
[[0;32m  OK  [0m] Reached target Network (Pre).
[   11.137233] cloud-init[668]:     json.load = get_loadjson()
[   11.141025] cloud-init[668]:   File "/usr/lib/python3/dist-packages/jsonpatch.py", line 108, in get_loadjson
[   11.142693] cloud-init[668]:     argspec = inspect.getargspec(json.load)
[   11.143974] cloud-init[668]:   File "/usr/lib/python3.6/inspect.py", line 1082, in getargspec
[   11.145490] cloud-init[668]:     raise ValueError("Function has keyword-only parameters or annotations"
[   11.147093] cloud-init[668]: ValueError: Function has keyword-only parameters or annotations, use getfullargspec() API which can support them
         Starting Raise network interfaces...
[[0;32m  OK  [0m] Started ifup for enp0s8.
[[0;32m  OK  [0m] Started ifup for enp0s3.
[[0;32m  OK  [0m] Started Raise network interfaces.
[[0;32m  OK  [0m] Reached target Network.
         Starting Initial cloud-init job (metadata service crawler)...
[   13.844863] cloud-init[1112]: Traceback (most recent call last):
[   13.847415] cloud-init[1112]:   File "/usr/bin/cloud-init", line 9, in <module>
[   13.851033] cloud-init[1112]:     load_entry_point('cloud-init==20.3', 'console_scripts', 'cloud-init')()
[   13.853192] cloud-init[1112]:   File "/usr/lib/python3/dist-packages/pkg_resources/__init__.py", line 542, in load_entry_point
[   13.856553] cloud-init[1112]:     return get_distribution(dist).load_entry_point(group, name)
[   13.865402] cloud-init[1112]:   File "/usr/lib/python3/dist-packages/pkg_resources/__init__.py", line 2569, in load_entry_point
[   13.870199] cloud-init[1112]:     return ep.load()
[   13.873793] cloud-init[1112]:   File "/usr/lib/python3/dist-packages/pkg_resources/__init__.py", line 2229, in load
[   13.875835] cloud-init[1112]:     return self.resolve()
[   13.877266] cloud-init[1112]:   File "/usr/lib/python3/dist-packages/pkg_resources/__init__.py", line 2235, in resolve
[   13.880901] cloud-init[1112]:     module = __import__(self.module_name, fromlist=['__name__'], level=0)
[   13.883770] cloud-init[1112]:   File "/usr/lib/python3/dist-packages/cloudinit/cmd/main.py", line 29, in <module>
[   13.887882] cloud-init[1112]:     from cloudinit import stages
[   13.889447] cloud-init[1112]:   File "/usr/lib/python3/dist-packages/cloudinit/stages.py", line 19, in <module>
[   13.892417] [cloud-init[0;1;31mFAILED[0m[1112]: ]     from cloudinit.handlers.cloud_config import CloudConfigPartHandlerFailed to start Initial cloud-init job (metadata service crawler).

[   13.892640] See 'systemctl status cloud-init.service' for details.cloud-init
[1112]:   File "/usr/lib/python3/dist-packages/cloudinit/handlers/cloud_config.py", line 11, in <module>
[   13.898602] [cloud-init[0;32m  OK  [0m[1112]: ]     import jsonpatchReached target Cloud-config availability.

[   13.898984] [cloud-init[0;32m  OK  [0m[1112]: ]   File "/usr/lib/python3/dist-packages/jsonpatch.py", line 114, in <module>Reached target Network is Online.

[   13.901509] cloud-init[1112]:     json.load = get_loadjson()
[   13.911554] cloud-init[1112]:   File "/usr/lib/python3/dist-packages/jsonpatch.py", line 108, in get_loadjson
[   13.913648] cloud-init[1112]:     argspec = inspect.getargspec(json.load)
[   13.915334] cloud-init[1112]:   File "/usr/lib/python3.6/inspect.py", line 1082, in getargspec
[   13.917246] cloud-init[1112]:     raise ValueError("Function has keyword-only parameters or annotations"
[   13.919113] cloud-init[1112]: ValueError: Function has keyword-only parameters or annotations, use getfullargspec() API which can support them
         Starting iSCSI initiator daemon (iscsid)...
[[0;32m  OK  [0m] Reached target System Initialization.
         Starting LXD - unix socket.
         Starting Socket activation for snappy daemon.
[[0;32m  OK  [0m] Listening on ACPID Listen Socket.
[[0;32m  OK  [0m] Started Daily Cleanup of Temporary Directories.
[[0;32m  OK  [0m] Started Daily apt download activities.
[[0;32m  OK  [0m] Started Daily apt upgrade and clean activities.
[[0;32m  OK  [0m] Started Message of the Day.
[[0;32m  OK  [0m] Reached target Timers.
[[0;32m  OK  [0m] Listening on UUID daemon activation socket.
[[0;32m  OK  [0m] Listening on D-Bus System Message Bus Socket.
[[0;32m  OK  [0m] Started ACPI Events Check.
[[0;32m  OK  [0m] Reached target Paths.
[[0;32m  OK  [0m] Listening on LXD - unix socket.
[[0;32m  OK  [0m] Listening on Socket activation for snappy daemon.
[[0;32m  OK  [0m] Started iSCSI initiator daemon (iscsid).
         Starting Login to default iSCSI targets...
[[0;32m  OK  [0m] Reached target Sockets.
[[0;32m  OK  [0m] Reached target Basic System.
         Starting LSB: Record successful boot for GRUB...
[[0;32m  OK  [0m] Started Deferred execution scheduler.
         Starting /etc/rc.local Compatibility...
         Starting Accounts Service...
         Starting System Logging Service...
         Starting Snap Daemon...
[[0;32m  OK  [0m] Started D-Bus System Message Bus.
         Starting OpenBSD Secure Shell server...
         Starting Virtualbox guest utils...
[[0;32m  OK  [0m] Started FUSE filesystem for LXC.
         Starting Login Service...
         Starting LSB: MD monitoring daemon...
[[0;32m  OK  [0m] Started Regular background program processing daemon.
[[0;32m  OK  [0m] Started ACPI event daemon.
         Starting LXD - container startup/shutdown...
[[0;32m  OK  [0m] Started System Logging Service.
[[0;32m  OK  [0m] Started /etc/rc.local Compatibility.
         Starting Authenticate and Authorize Users to Run Privileged Tasks...
[[0;32m  OK  [0m] Started Login Service.
[[0;32m  OK  [0m] Started Unattended Upgrades Shutdown.
[[0;32m  OK  [0m] Started LSB: Record successful boot for GRUB.
[[0;32m  OK  [0m] Started Login to default iSCSI targets.
[[0;32m  OK  [0m] Reached target Remote File Systems (Pre).
[[0;32m  OK  [0m] Reached target Remote File Systems.
         Starting LSB: daemon to balance interrupts for SMP systems...
         Starting LSB: Set the CPU Frequency Scaling governor to "ondemand"...
         Starting LSB: automatic crash report generation...
         Starting Permit User Sessions...
[[0;32m  OK  [0m] Started LSB: MD monitoring daemon.
[[0;32m  OK  [0m] Started Authenticate and Authorize Users to Run Privileged Tasks.
[[0;32m  OK  [0m] Started Accounts Service.
[[0;32m  OK  [0m] Started Permit User Sessions.
         Starting Terminate Plymouth Boot Screen...
         Starting Hold until boot process finishes up...
[[0;32m  OK  [0m] Started LSB: Set the CPU Frequency Scaling governor to "ondemand".
[[0;32m  OK  [0m] Started Terminate Plymouth Boot Screen.
[[0;32m  OK  [0m] Started Virtualbox guest utils.
[[0;32m  OK  [0m] Started LSB: daemon to balance interrupts for SMP systems.
[[0;32m  OK  [0m] Started Hold until boot process finishes up.
[[0;32m  OK  [0m] Started OpenBSD Secure Shell server.
         Starting Set console scheme...
[[0;32m  OK  [0m] Started Serial Getty on ttyS0.
[[0;32m  OK  [0m] Started Getty on tty1.
[[0;32m  OK  [0m] Reached target Login Prompts.
[[0;32m  OK  [0m] Started Set console scheme.
[[0;32m  OK  [0m] Started LSB: automatic crash report generation.
[[0;32m  OK  [0m] Started LXD - container startup/shutdown.
[[0;32m  OK  [0m] Started Snap Daemon.
         Starting Wait until snapd is fully seeded...
[[0;32m  OK  [0m] Started Wait until snapd is fully seeded.
         Starting Apply the settings specified in cloud-config...
[[0;32m  OK  [0m] Reached target Multi-User System.
[[0;32m  OK  [0m] Reached target Graphical Interface.
         Starting Update UTMP about System Runlevel Changes...
[[0;32m  OK  [0m] Started Update UTMP about System Runlevel Changes.
[[0;32m  OK  [0m] Created slice User Slice of vagrant.
         Starting User Manager for UID 1000...
[[0;32m  OK  [0m] Started Session 1 of user vagrant.
[[0;32m  OK  [0m] Started User Manager for UID 1000.
[   15.164044] cloud-init[1337]: Traceback (most recent call last):
[   15.165817] cloud-init[1337]:   File "/usr/bin/cloud-init", line 9, in <module>
[   15.167429] cloud-init[1337]:     load_entry_point('cloud-init==20.3', 'console_scripts', 'cloud-init')()
[   15.169340] cloud-init[1337]:   File "/usr/lib/python3/dist-packages/pkg_resources/__init__.py", line 542, in load_entry_point
[   15.176732] cloud-init[1337]:     return get_distribution(dist).load_entry_point(group, name)
[   15.178644] cloud-init[1337]:   File "/usr/lib/python3/dist-packages/pkg_resources/__init__.py", line 2569, in load_entry_point
[   15.180906] cloud-init[1337]:     return ep.load()
[   15.182402] cloud-init[1337]:   File "/usr/lib/python3/dist-packages/pkg_resources/__init__.py", line 2229, in load
[   15.184681] cloud-init[1337]:     return self.resolve()
[   15.186110] cloud-init[1337]:   File "/usr/lib/python3/dist-packages/pkg_resources/__init__.py", line 2235, in resolve
[   15.188246] cloud-init[1337]:     module = __import__(self.module_name, fromlist=['__name__'], level=0)
[   15.190175] cloud-init[1337]:   File "/usr/lib/python3/dist-packages/cloudinit/cmd/main.py", line 29, in <module>
[   15.192311] cloud-init[1337]:     from cloudinit import stages
[   15.200602] cloud-init[1337]:   File "/usr/lib/python3/dist-packages/cloudinit/stages.py", line 19, in <module>
[   15.202665] cloud-init[1337]:     from cloudinit.handlers.cloud_config import CloudConfigPartHandler
[   15.204591] cloud-init[1337]:   File "/usr/lib/python3/dist-packages/cloudinit/handlers/cloud_config.py", line 11, in <module>
[   15.207056] cloud-init[1337]:     import jsonpatch
[   15.208921] cloud-init[1337]:   File "/usr/lib/python3/dist-packages/jsonpatch.py", line 114, in <module>
[   15.210754] cloud-init[1337]:     json.load = get_loadjson()
[   15.212228] cloud-init[1337]:   File "/usr/lib/python3/dist-packages/jsonpatch.py", line 108, in get_loadjson
[   15.214323] cloud-init[1337]:     argspec = inspect.getargspec(json.load)
[   15.216026] cloud-init[1337]:   File "/usr/lib/python3.6/inspect.py", line 1082, in getargspec
[   15.218130] cloud-init[1337]:     raise ValueError("Function has keyword-only parameters or annotations"
[   15.219963] cloud-init[1337]: ValueError: Function has keyword-only parameters or annotations, use getfullargspec() API which can support them
[[0;1;31mFAILED[0m] Failed to start Apply the settings specified in cloud-config.
See 'systemctl status cloud-config.service' for details.
         Starting Execute cloud user/final scripts...
[   15.570542] cloud-init[1411]: Traceback (most recent call last):
[   15.572717] cloud-init[1411]:   File "/usr/bin/cloud-init", line 9, in <module>
[   15.580779] cloud-init[1411]:     load_entry_point('cloud-init==20.3', 'console_scripts', 'cloud-init')()
[   15.582719] cloud-init[1411]:   File "/usr/lib/python3/dist-packages/pkg_resources/__init__.py", line 542, in load_entry_point
[   15.584859] cloud-init[1411]:     return get_distribution(dist).load_entry_point(group, name)
[   15.586789] cloud-init[1411]:   File "/usr/lib/python3/dist-packages/pkg_resources/__init__.py", line 2569, in load_entry_point
[   15.589271] cloud-init[1411]:     return ep.load()
[   15.590611] cloud-init[1411]:   File "/usr/lib/python3/dist-packages/pkg_resources/__init__.py", line 2229, in load
[   15.592677] cloud-init[1411]:     return self.resolve()
[   15.593969] cloud-init[1411]:   File "/usr/lib/python3/dist-packages/pkg_resources/__init__.py", line 2235, in resolve
[   15.596152] cloud-init[1411]:     module = __import__(self.module_name, fromlist=['__name__'], level=0)
[   15.598280] cloud-init[1411]:   File "/usr/lib/python3/dist-packages/cloudinit/cmd/main.py", line 29, in <module>
[   15.600504] cloud-init[1411]:     from cloudinit import stages
[   15.602058] cloud-init[1411]:   File "/usr/lib/python3/dist-packages/cloudinit/stages.py", line 19, in <module>
[   15.604252] cloud-init[1411]:     from cloudinit.handlers.cloud_config import CloudConfigPartHandler
[   15.606345] cloud-init[1411]:   File "/usr/lib/python3/dist-packages/cloudinit/handlers/cloud_config.py", line 11, in <module>
[   15.608947] cloud-init[1411]:     import jsonpatch
[[0;1;31mFAILED[0m] Failed to start Execute cloud user/final scripts.
See 'systemctl status cloud-final.service' for details.
[[0;32m  OK  [0m] Reached target Cloud-init target.
[   15.610196] cloud-init[1411]:   File "/usr/lib/python3/dist-packages/jsonpatch.py", line 114, in <module>
[   15.615034] cloud-init[1411]:     json.load = get_loadjson()
[   15.629937] cloud-init[1411]:   File "/usr/lib/python3/dist-packages/jsonpatch.py", line 108, in get_loadjson
[   15.631243] cloud-init[1411]:     argspec = inspect.getargspec(json.load)
[   15.632670] cloud-init[1411]:   File "/usr/lib/python3.6/inspect.py", line 1082, in getargspec
[   15.633708] cloud-init[1411]:     raise ValueError("Function has keyword-only parameters or annotations"
[   15.635298] cloud-init[1411]: ValueError: Function has keyword-only parameters or annotations, use getfullargspec() API which can support them

Ubuntu 16.04.7 LTS ubuntu-xenial ttyS0

ubuntu-xenial login: 